// Jest Snapshot v1, https://goo.gl/fbAQLP

exports[`Pruebas en GifItem.jsx Debe de hacer match con el snapshot 1`] = `
<div>
  <div
    class="card"
  >
    <img
      alt="Hola"
      src="http://prueba.com/saitama.jpg"
    />
    <p>
      Hola
    </p>
  </div>
</div>
`;
